------------------------------------------------------------
Timing Analyzer Summary
------------------------------------------------------------

Type  : Slow 1200mV 85C Model Setup 'clk'
Slack : -0.724
TNS   : -3.765

Type  : Slow 1200mV 85C Model Setup 'button'
Slack : -0.654
TNS   : -1.970

Type  : Slow 1200mV 85C Model Hold 'button'
Slack : 0.359
TNS   : 0.000

Type  : Slow 1200mV 85C Model Hold 'clk'
Slack : 0.479
TNS   : 0.000

Type  : Slow 1200mV 85C Model Minimum Pulse Width 'clk'
Slack : -3.000
TNS   : -10.000

Type  : Slow 1200mV 85C Model Minimum Pulse Width 'button'
Slack : -3.000
TNS   : -8.000

Type  : Slow 1200mV 0C Model Setup 'clk'
Slack : -0.542
TNS   : -2.618

Type  : Slow 1200mV 0C Model Setup 'button'
Slack : -0.471
TNS   : -1.286

Type  : Slow 1200mV 0C Model Hold 'button'
Slack : 0.318
TNS   : 0.000

Type  : Slow 1200mV 0C Model Hold 'clk'
Slack : 0.415
TNS   : 0.000

Type  : Slow 1200mV 0C Model Minimum Pulse Width 'clk'
Slack : -3.000
TNS   : -10.000

Type  : Slow 1200mV 0C Model Minimum Pulse Width 'button'
Slack : -3.000
TNS   : -8.000

Type  : Fast 1200mV 0C Model Setup 'clk'
Slack : 0.020
TNS   : 0.000

Type  : Fast 1200mV 0C Model Setup 'button'
Slack : 0.075
TNS   : 0.000

Type  : Fast 1200mV 0C Model Hold 'button'
Slack : 0.193
TNS   : 0.000

Type  : Fast 1200mV 0C Model Hold 'clk'
Slack : 0.238
TNS   : 0.000

Type  : Fast 1200mV 0C Model Minimum Pulse Width 'clk'
Slack : -3.000
TNS   : -10.448

Type  : Fast 1200mV 0C Model Minimum Pulse Width 'button'
Slack : -3.000
TNS   : -8.320

------------------------------------------------------------
